Alumno@LBD MINGW64 /f/4IV8-PSW-Veliz-Gonzalez-Cristofer-David (master)
$ git status
On branch master
Your branch is up to date with 'origin/master'.

nothing to commit, working tree clean

Alumno@LBD MINGW64 /f/4IV8-PSW-Veliz-Gonzalez-Cristofer-David (master)
$ git status
On branch master
Your branch is up to date with 'origin/master'.

Changes not staged for commit:
  (use "git add/rm <file>..." to update what will be committed)
  (use "git restore <file>..." to discard changes in working directory)
        deleted:    python/pokimon.py

no changes added to commit (use "git add" and/or "git commit -a")

Alumno@LBD MINGW64 /f/4IV8-PSW-Veliz-Gonzalez-Cristofer-David (master)
$ git rm python/pokimon.py
rm 'python/pokimon.py'

Alumno@LBD MINGW64 /f/4IV8-PSW-Veliz-Gonzalez-Cristofer-David (master)
$ git status
On branch master
Your branch is up to date with 'origin/master'.

Changes to be committed:
  (use "git restore --staged <file>..." to unstage)
        deleted:    python/pokimon.py


Alumno@LBD MINGW64 /f/4IV8-PSW-Veliz-Gonzalez-Cristofer-David (master)
$ git staus
git: 'staus' is not a git command. See 'git --help'.

The most similar command is
        status

Alumno@LBD MINGW64 /f/4IV8-PSW-Veliz-Gonzalez-Cristofer-David (master)
$ git status
On branch master
Your branch is up to date with 'origin/master'.

Changes to be committed:
  (use "git restore --staged <file>..." to unstage)
        deleted:    python/pokimon.py

Changes not staged for commit:
  (use "git add/rm <file>..." to update what will be committed)
  (use "git restore <file>..." to discard changes in working directory)
        deleted:    python/Ejercicio 4.py


Alumno@LBD MINGW64 /f/4IV8-PSW-Veliz-Gonzalez-Cristofer-David (master)
$ git remove python/Ejercicio 4.py
git: 'remove' is not a git command. See 'git --help'.

The most similar command is
        remote

Alumno@LBD MINGW64 /f/4IV8-PSW-Veliz-Gonzalez-Cristofer-David (master)
$ git remove python/Ejercicio_4.py
git: 'remove' is not a git command. See 'git --help'.

The most similar command is
        remote

Alumno@LBD MINGW64 /f/4IV8-PSW-Veliz-Gonzalez-Cristofer-David (master)
$ git rm python/Ejercicio 4.py
fatal: pathspec 'python/Ejercicio' did not match any files

Alumno@LBD MINGW64 /f/4IV8-PSW-Veliz-Gonzalez-Cristofer-David (master)
$ git rm python/Ejercicio_4.py
fatal: pathspec 'python/Ejercicio_4.py' did not match any files

Alumno@LBD MINGW64 /f/4IV8-PSW-Veliz-Gonzalez-Cristofer-David (master)
$ git add .

Alumno@LBD MINGW64 /f/4IV8-PSW-Veliz-Gonzalez-Cristofer-David (master)
$ git commit -m "AA"
Author identity unknown

*** Please tell me who you are.

Run

  git config --global user.email "you@example.com"
  git config --global user.name "Your Name"

to set your account's default identity.
Omit --global to set the identity only in this repository.

fatal: unable to auto-detect email address (got 'Alumno@LBD.(none)')

Alumno@LBD MINGW64 /f/4IV8-PSW-Veliz-Gonzalez-Cristofer-David (master)
$ git config --global user.email "cristof0310@gmail.com"

Alumno@LBD MINGW64 /f/4IV8-PSW-Veliz-Gonzalez-Cristofer-David (master)
$ git config --global user.name "Veliz"

Alumno@LBD MINGW64 /f/4IV8-PSW-Veliz-Gonzalez-Cristofer-David (master)
$ git add .
gi
Alumno@LBD MINGW64 /f/4IV8-PSW-Veliz-Gonzalez-Cristofer-David (master)
$ git status
On branch master
Your branch is up to date with 'origin/master'.

Changes to be committed:
  (use "git restore --staged <file>..." to unstage)
        new file:   03 Loggin/css_loggin/style.css
        new file:   03 Loggin/images/facebook.png
        new file:   03 Loggin/images/fondo.jpg
        new file:   03 Loggin/images/google.png
        new file:   03 Loggin/loggin.html
        new file:   images.rar
        modified:   index.html
        deleted:    python/Ejercicio 4.py
        deleted:    python/pokimon.py


Alumno@LBD MINGW64 /f/4IV8-PSW-Veliz-Gonzalez-Cristofer-David (master)
$ git commit -m "Loggin"
[master a749c6d] Loggin
 9 files changed, 35 insertions(+), 101 deletions(-)
 create mode 100644 03 Loggin/css_loggin/style.css
 create mode 100644 03 Loggin/images/facebook.png
 create mode 100644 03 Loggin/images/fondo.jpg
 create mode 100644 03 Loggin/images/google.png
 create mode 100644 03 Loggin/loggin.html
 create mode 100644 images.rar
 delete mode 100644 python/Ejercicio 4.py
 delete mode 100644 python/pokimon.py

Alumno@LBD MINGW64 /f/4IV8-PSW-Veliz-Gonzalez-Cristofer-David (master)
$ git add .

Alumno@LBD MINGW64 /f/4IV8-PSW-Veliz-Gonzalez-Cristofer-David (master)
$ git status
On branch master
Your branch is ahead of 'origin/master' by 1 commit.
  (use "git push" to publish your local commits)

Changes to be committed:
  (use "git restore --staged <file>..." to unstage)
        modified:   03 Loggin/css_loggin/style.css
        renamed:    03 Loggin/images/fondo.jpg -> 03 Loggin/images/fondo2.jpg


Alumno@LBD MINGW64 /f/4IV8-PSW-Veliz-Gonzalez-Cristofer-David (master)
$ git add .

Alumno@LBD MINGW64 /f/4IV8-PSW-Veliz-Gonzalez-Cristofer-David (master)
$ git status
On branch master
Your branch is ahead of 'origin/master' by 1 commit.
  (use "git push" to publish your local commits)

Changes to be committed:
  (use "git restore --staged <file>..." to unstage)
        new file:   03 Loggin/css/style.css
        deleted:    03 Loggin/css_loggin/style.css
        renamed:    03 Loggin/images/fondo.jpg -> 03 Loggin/images/fondo2.jpg
        modified:   03 Loggin/loggin.html
        deleted:    images.rar


Alumno@LBD MINGW64 /f/4IV8-PSW-Veliz-Gonzalez-Cristofer-David (master)
$ git commit -m "ccs bonita"
[master ac7d6f2] ccs bonita
 5 files changed, 33 insertions(+), 1 deletion(-)
 create mode 100644 03 Loggin/css/style.css
 delete mode 100644 03 Loggin/css_loggin/style.css
 rename 03 Loggin/images/{fondo.jpg => fondo2.jpg} (100%)
 delete mode 100644 images.rar

Alumno@LBD MINGW64 /f/4IV8-PSW-Veliz-Gonzalez-Cristofer-David (master)
$ git commit -m "ejemplo loggin"
On branch master
Your branch is ahead of 'origin/master' by 2 commits.
  (use "git push" to publish your local commits)

Changes not staged for commit:
  (use "git add <file>..." to update what will be committed)
  (use "git restore <file>..." to discard changes in working directory)
        modified:   03 Loggin/css/style.css
        modified:   03 Loggin/loggin.html
        modified:   index.html

no changes added to commit (use "git add" and/or "git commit -a")

Alumno@LBD MINGW64 /f/4IV8-PSW-Veliz-Gonzalez-Cristofer-David (master)
$ git add .

Alumno@LBD MINGW64 /f/4IV8-PSW-Veliz-Gonzalez-Cristofer-David (master)
$ git commit -m "ejemplo loggin"
[master e5ca41d] ejemplo loggin
 3 files changed, 65 insertions(+), 5 deletions(-)

Alumno@LBD MINGW64 /f/4IV8-PSW-Veliz-Gonzalez-Cristofer-David (master)
$ <a href="../index.html"regresar al inicio></a>
